.claude/
.claude/agents/
.claude/agents/explorer.md
.claude/agents/reviewer.md
.claude/commands/
.claude/commands/api-first-feature.md
.claude/commands/debug-systematic.md
.claude/commands/fix-prod-bug.md
.claude/commands/handoff.md
.claude/commands/ship-feature.md
.claude/commands/ship-full-stack-feature.md
.claude/commands/spec-interview.md
.claude/commands/start.md
.claude/commands/status.md
.claude/commands/sync.md
.claude/patterns/
.claude/patterns/README.md
.claude/patterns/adversarial-debate.md
.claude/patterns/orchestrator-worker.md
.claude/patterns/pipeline-chain.md
.claude/patterns/wave-parallel.md
.claude/patterns/writer-reviewer.md
.claude/scripts/
.claude/scripts/post-compact.sh
.claude/scripts/session-start.sh
.claude/scripts/status.sh
.claude/scripts/task-completed.sh
.claude/settings-variants/
.claude/settings-variants/README.md
.claude/settings-variants/go.json
.claude/settings-variants/nextjs.json
.claude/settings-variants/node-typescript.json
.claude/settings-variants/python.json
.claude/settings.json
.claude/shared/
.claude/shared/wiki-bridge.md
.claude-flow-kit.json
.claudeignore
.gitignore
.mcp.json
.mcp.optional.json
AGENTS.md
CLAUDE.md
docs/
docs/changes/
docs/changes/README.md
docs/project/
docs/project/product.md
docs/project/structure.md
docs/project/tech.md
docs/specs/
docs/specs/README.md
docs/state/
docs/state/decisions.md
docs/state/glossary.md
docs/state/hot.md
